<div class="cols-start cols-1">
<!-- Column 1 -->
<div class="col">
</div>
<!-- Column 2 -->
<div class="col">
</div>
</div class="cols-end">
